******************************************************************************
                  TI ARM Linker Unix v18.1.3                   
******************************************************************************
>> Linked Wed Nov 28 11:14:00 2018

OUTPUT FILE NAME:   <Lab 6 Part 1.out>
ENTRY POINT SYMBOL: "_c_int00_noargs"  address: 00002dad


MEMORY CONFIGURATION

         name            origin    length      used     unused   attr    fill
----------------------  --------  ---------  --------  --------  ----  --------
  MAIN                  00000000   00040000  00003259  0003cda7  R  X
  INFO                  00200000   00004000  00000000  00004000  R  X
  SRAM_CODE             01000000   00010000  000009bd  0000f643  RW X
  SRAM_DATA             20000000   00010000  000009bd  0000f643  RW  


SEGMENT ALLOCATION MAP

run origin  load origin   length   init length attrs members
----------  ----------- ---------- ----------- ----- -------
00000000    00000000    00003260   00003260    r-x
  00000000    00000000    000000e4   000000e4    r-- .intvecs
  000000e4    000000e4    00002fdc   00002fdc    r-x .text
  000030c0    000030c0    00000101   00000101    r-- .const
  000031c8    000031c8    00000098   00000098    r-- .cinit
20000000    20000000    000007c0   00000000    rw-
  20000000    20000000    00000400   00000000    rw- .sysmem
  20000400    20000400    000001f1   00000000    rw- .data
  200005f4    200005f4    000001cc   00000000    rw- .bss
2000fe00    2000fe00    00000200   00000000    rw-
  2000fe00    2000fe00    00000200   00000000    rw- .stack


SECTION ALLOCATION MAP

 output                                  attributes/
section   page    origin      length       input sections
--------  ----  ----------  ----------   ----------------
.intvecs   0    00000000    000000e4     
                  00000000    000000e4     startup_msp432p401r_ccs.obj (.intvecs:retain)

.text      0    000000e4    00002fdc     
                  000000e4    00000a5e     rtsv7M4_T_le_v4SPD16_eabi.lib : _printfi.c.obj (.text:__TI_printfi)
                  00000b42    00000002                                   : _lock.c.obj (.text:_nop)
                  00000b44    00000360     main.obj (.text)
                  00000ea4    00000334     system_msp432p401r.obj (.text)
                  000011d8    00000270     rtsv7M4_T_le_v4SPD16_eabi.lib : _printfi.c.obj (.text:_pconv_a)
                  00001448    000001d0                                   : _printfi.c.obj (.text:_pconv_g)
                  00001618    000001b6                                   : fd_add_t2.asm.obj (.text)
                  000017ce    00000002                                   : div0.asm.obj (.text)
                  000017d0    0000013c                                   : _printfi.c.obj (.text:_pconv_e)
                  0000190c    00000136                                   : fd_div_t2.asm.obj (.text)
                  00001a42    00000002     --HOLE-- [fill = 0]
                  00001a44    00000120                                   : _printfi.c.obj (.text:fcvt)
                  00001b64    00000114                                   : fputs.c.obj (.text:fputs)
                  00001c78    00000110                                   : s_scalbn.c.obj (.text:scalbn)
                  00001d88    000000fc                                   : fd_mul_t2.asm.obj (.text)
                  00001e84    000000dc                                   : setvbuf.c.obj (.text:setvbuf)
                  00001f60    000000d8                                   : memory.c.obj (.text:free)
                  00002038    000000b1                                   : _printfi.c.obj (.text:_ltostr)
                  000020e9    00000001     --HOLE-- [fill = 0]
                  000020ea    0000009c                                   : memcpy_t2.asm.obj (.text)
                  00002186    00000096                                   : ull_div_t2.asm.obj (.text)
                  0000221c    0000008c                                   : fputc.c.obj (.text:fputc)
                  000022a8    00000086                                   : fd_cmp_t2.asm.obj (.text:__aeabi_cdcmple)
                  0000232e    00000086                                   : fd_cmp_t2.asm.obj (.text:__aeabi_cdrcmple)
                  000023b4    0000007a                                   : memset_t2.asm.obj (.text)
                  0000242e    00000002     --HOLE-- [fill = 0]
                  00002430    00000078                                   : memory.c.obj (.text:malloc)
                  000024a8    00000074                                   : fclose.c.obj (.text:__TI_closefile)
                  0000251c    0000006e                                   : _printfi.c.obj (.text:_mcpy)
                  0000258a    00000002     --HOLE-- [fill = 0]
                  0000258c    00000068                                   : hostlseek.c.obj (.text:HOSTlseek)
                  000025f4    00000068                                   : hostrename.c.obj (.text:HOSTrename)
                  0000265c    00000068                                   : copy_decompress_lzss.c.obj (.text:decompress:lzss:__TI_decompress_lzss)
                  000026c4    00000068                                   : printf.c.obj (.text:printf)
                  0000272c    00000064                                   : s_frexp.c.obj (.text:frexp)
                  00002790    00000064                                   : fseek.c.obj (.text:fseek)
                  000027f4    00000062                                   : _io_perm.c.obj (.text:__TI_wrt_ok)
                  00002856    00000002     --HOLE-- [fill = 0]
                  00002858    00000060                                   : hostopen.c.obj (.text:HOSTopen)
                  000028b8    0000005c                                   : close.c.obj (.text:close)
                  00002914    00000058                                   : hostread.c.obj (.text:HOSTread)
                  0000296c    00000058                                   : hostwrite.c.obj (.text:HOSTwrite)
                  000029c4    00000056                                   : _printfi.c.obj (.text:_pconv_f)
                  00002a1a    00000054                                   : ltoa.c.obj (.text:ltoa)
                  00002a6e    00000052                                   : _printfi.c.obj (.text:_ecpy)
                  00002ac0    0000004c                                   : fflush.c.obj (.text:__TI_doflush)
                  00002b0c    0000004c                                   : atoi.c.obj (.text:atoi)
                  00002b58    00000048                                   : exit.c.obj (.text:exit)
                  00002ba0    00000048                                   : fd_toi_t2.asm.obj (.text)
                  00002be8    00000044                                   : hostclose.c.obj (.text:HOSTclose)
                  00002c2c    00000044                                   : hostunlink.c.obj (.text:HOSTunlink)
                  00002c70    00000044                                   : autoinit.c.obj (.text:__TI_auto_init_nobinit_nopinit:__TI_auto_init_nobinit_nopinit)
                  00002cb4    00000044                                   : getdevice.c.obj (.text:getdevice)
                  00002cf8    0000003e                                   : _printfi.c.obj (.text:_fcpy)
                  00002d36    00000002     --HOLE-- [fill = 0]
                  00002d38    0000003c                                   : memory.c.obj (.text:minsert)
                  00002d74    00000038                                   : trgmsg.c.obj (.text:__TI_writemsg)
                  00002dac    00000038                                   : boot_cortex_m.c.obj (.text:_c_int00_noargs:_c_int00_noargs)
                  00002de4    00000038                                   : memory.c.obj (.text:minit)
                  00002e1c    00000036                                   : strncpy.c.obj (.text:strncpy)
                  00002e52    00000002     --HOLE-- [fill = 0]
                  00002e54    00000034                                   : fopen.c.obj (.text:__TI_cleanup)
                  00002e88    00000034                                   : trgmsg.c.obj (.text:__TI_readmsg)
                  00002ebc    00000030                                   : getdevice.c.obj (.text:finddevice)
                  00002eec    0000002e                                   : i_tofd_t2.asm.obj (.text)
                  00002f1a    00000002     --HOLE-- [fill = 0]
                  00002f1c    0000002c                                   : unlink.c.obj (.text:unlink)
                  00002f48    00000028                                   : lseek.c.obj (.text:lseek)
                  00002f70    00000028                                   : memory.c.obj (.text:mremove)
                  00002f98    00000028                                   : write.c.obj (.text:write)
                  00002fc0    00000020                                   : memchr.c.obj (.text:memchr)
                  00002fe0    0000001c                                   : memccpy.c.obj (.text:memccpy)
                  00002ffc    00000018                                   : strcmp.c.obj (.text:strcmp)
                  00003014    00000016                                   : strchr.c.obj (.text:strchr)
                  0000302a    00000014                                   : s_copysign.c.obj (.text:copysign)
                  0000303e    00000014                                   : strcpy.c.obj (.text:strcpy)
                  00003052    00000014                                   : strlen.c.obj (.text:strlen)
                  00003066    00000012                                   : copy_zero_init.c.obj (.text:decompress:ZI:__TI_zero_init_nomemset:__TI_zero_init_nomemset)
                  00003078    00000012                                   : wcslen.c.obj (.text:wcslen)
                  0000308a    0000000e                                   : copy_decompress_none.c.obj (.text:decompress:none:__TI_decompress_none)
                  00003098    0000000e     startup_msp432p401r_ccs.obj (.text)
                  000030a6    00000002     --HOLE-- [fill = 0]
                  000030a8    00000008     rtsv7M4_T_le_v4SPD16_eabi.lib : errno.c.obj (.text:__aeabi_errno_addr)
                  000030b0    00000004                                   : printf.c.obj (.text:_outc)
                  000030b4    00000004                                   : printf.c.obj (.text:_outs)
                  000030b8    00000004                                   : pre_init.c.obj (.text:_system_pre_init)
                  000030bc    00000004                                   : exit.c.obj (.text:abort:abort)

.const     0    000030c0    00000101     
                  000030c0    00000101     rtsv7M4_T_le_v4SPD16_eabi.lib : ctype.c.obj (.const:.string:_ctypes_)

.cinit     0    000031c8    00000098     
                  000031c8    00000074     (.cinit..data.load) [load image, compression = lzss]
                  0000323c    0000000c     (__TI_handler_table)
                  00003248    00000008     (.cinit..bss.load) [load image, compression = zero_init]
                  00003250    00000010     (__TI_cinit_table)

.init_array 
*          0    00000000    00000000     UNINITIALIZED

.binit     0    00000000    00000000     

.sysmem    0    20000000    00000400     UNINITIALIZED
                  20000000    00000008     rtsv7M4_T_le_v4SPD16_eabi.lib : memory.c.obj (.sysmem)
                  20000008    000003f8     --HOLE--

.data      0    20000400    000001f1     UNINITIALIZED
                  20000400    000000f0     rtsv7M4_T_le_v4SPD16_eabi.lib : defs.c.obj (.data:_ftable)
                  200004f0    00000078                                   : write.c.obj (.data:_device)
                  20000568    00000050                                   : write.c.obj (.data:_stream)
                  200005b8    00000010                                   : defs.c.obj (.data)
                  200005c8    0000000c                                   : exit.c.obj (.data:$O1$$)
                  200005d4    0000000c                                   : memory.c.obj (.data:$O1$$)
                  200005e0    00000008                                   : _lock.c.obj (.data:$O1$$)
                  200005e8    00000004                                   : errno.c.obj (.data)
                  200005ec    00000004     system_msp432p401r.obj (.data)
                  200005f0    00000001     main.obj (.data)

.bss       0    200005f4    000001cc     UNINITIALIZED
                  200005f4    00000120     rtsv7M4_T_le_v4SPD16_eabi.lib : trgmsg.c.obj (.bss:_CIOBUF_)
                  20000714    000000a0     (.common:__TI_tmpnams)
                  200007b4    00000008     (.common:parmbuf)
                  200007bc    00000003     (.common:now)
                  200007bf    00000001     (.common:RTC_alarm)

.stack     0    2000fe00    00000200     UNINITIALIZED
                  2000fe00    00000004     rtsv7M4_T_le_v4SPD16_eabi.lib : boot_cortex_m.c.obj (.stack)
                  2000fe04    000001fc     --HOLE--

MODULE SUMMARY

       Module                        code    ro data   rw data
       ------                        ----    -------   -------
    ./
       main.obj                      864     0         10     
       system_msp432p401r.obj        820     0         8      
       startup_msp432p401r_ccs.obj   14      228       0      
    +--+-----------------------------+-------+---------+---------+
       Total:                        1698    228       18     
                                                              
    /Applications/ti/ccsv8/tools/compiler/ti-cgt-arm_18.1.3.LTS/lib/rtsv7M4_T_le_v4SPD16_eabi.lib
       _printfi.c.obj                4863    0         0      
       defs.c.obj                    0       0         832    
       trgmsg.c.obj                  108     0         576    
       memory.c.obj                  492     0         24     
       write.c.obj                   40      0         400    
       fd_add_t2.asm.obj             438     0         0      
       fd_div_t2.asm.obj             310     0         0      
       fputs.c.obj                   276     0         0      
       s_scalbn.c.obj                272     0         0      
       fd_cmp_t2.asm.obj             268     0         0      
       ctype.c.obj                   0       257       0      
       fd_mul_t2.asm.obj             252     0         0      
       setvbuf.c.obj                 220     0         0      
       memcpy_t2.asm.obj             156     0         0      
       ull_div_t2.asm.obj            150     0         0      
       fputc.c.obj                   140     0         0      
       memset_t2.asm.obj             122     0         0      
       fclose.c.obj                  116     0         0      
       getdevice.c.obj               116     0         0      
       hostopen.c.obj                96      0         16     
       printf.c.obj                  112     0         0      
       copy_decompress_lzss.c.obj    104     0         0      
       hostlseek.c.obj               104     0         0      
       hostrename.c.obj              104     0         0      
       exit.c.obj                    76      0         24     
       fseek.c.obj                   100     0         0      
       s_frexp.c.obj                 100     0         0      
       _io_perm.c.obj                98      0         0      
       close.c.obj                   92      0         0      
       hostread.c.obj                88      0         0      
       hostwrite.c.obj               88      0         0      
       ltoa.c.obj                    84      0         0      
       atoi.c.obj                    76      0         0      
       fflush.c.obj                  76      0         0      
       fd_toi_t2.asm.obj             72      0         0      
       autoinit.c.obj                68      0         0      
       hostclose.c.obj               68      0         0      
       hostunlink.c.obj              68      0         0      
       boot_cortex_m.c.obj           56      0         0      
       strncpy.c.obj                 54      0         0      
       fopen.c.obj                   52      0         0      
       i_tofd_t2.asm.obj             46      0         0      
       unlink.c.obj                  44      0         0      
       lseek.c.obj                   40      0         0      
       memchr.c.obj                  32      0         0      
       memccpy.c.obj                 28      0         0      
       strcmp.c.obj                  24      0         0      
       strchr.c.obj                  22      0         0      
       s_copysign.c.obj              20      0         0      
       strcpy.c.obj                  20      0         0      
       strlen.c.obj                  20      0         0      
       _lock.c.obj                   2       0         16     
       copy_zero_init.c.obj          18      0         0      
       wcslen.c.obj                  18      0         0      
       errno.c.obj                   8       0         8      
       copy_decompress_none.c.obj    14      0         0      
       pre_init.c.obj                4       0         0      
       div0.asm.obj                  2       0         0      
    +--+-----------------------------+-------+---------+---------+
       Total:                        10537   257       1896   
                                                              
       Heap:                         0       0         2048   
       Stack:                        0       0         1024   
       Linker Generated:             0       152       0      
    +--+-----------------------------+-------+---------+---------+
       Grand Total:                  12235   637       4986   


LINKER GENERATED COPY TABLES

__TI_cinit_table @ 00003250 records: 2, size/record: 8, table size: 16
	.data: load addr=000031c8, load size=00000074 bytes, run addr=20000400, run size=000001f1 bytes, compression=lzss
	.bss: load addr=00003248, load size=00000008 bytes, run addr=200005f4, run size=000001cc bytes, compression=zero_init


LINKER GENERATED HANDLER TABLE

__TI_handler_table @ 0000323c records: 3, size/record: 4, table size: 12
	index: 0, handler: __TI_decompress_lzss
	index: 1, handler: __TI_decompress_none
	index: 2, handler: __TI_zero_init


GLOBAL SYMBOLS: SORTED ALPHABETICALLY BY Name 

address   name                           
-------   ----                           
000030a5  ADC14_IRQHandler               
000030a5  AES256_IRQHandler              
000030a5  BusFault_Handler               
000030bd  C$$EXIT                        
00002da3  C$$IO$$                        
000030a5  COMP_E0_IRQHandler             
000030a5  COMP_E1_IRQHandler             
000030a5  CS_IRQHandler                  
000030a5  DMA_ERR_IRQHandler             
000030a5  DMA_INT0_IRQHandler            
000030a5  DMA_INT1_IRQHandler            
000030a5  DMA_INT2_IRQHandler            
000030a5  DMA_INT3_IRQHandler            
000030a5  DebugMon_Handler               
000030a5  Default_Handler                
000030a5  EUSCIA0_IRQHandler             
000030a5  EUSCIA1_IRQHandler             
000030a5  EUSCIA2_IRQHandler             
000030a5  EUSCIA3_IRQHandler             
000030a5  EUSCIB0_IRQHandler             
000030a5  EUSCIB1_IRQHandler             
000030a5  EUSCIB2_IRQHandler             
000030a5  EUSCIB3_IRQHandler             
000030a5  FLCTL_IRQHandler               
000030a5  FPU_IRQHandler                 
00002be9  HOSTclose                      
0000258d  HOSTlseek                      
00002859  HOSTopen                       
00002915  HOSTread                       
000025f5  HOSTrename                     
00002c2d  HOSTunlink                     
0000296d  HOSTwrite                      
000030a5  HardFault_Handler              
00000c91  LCD_init                       
00000c71  LCD_pins_init                  
000030a5  MemManage_Handler              
000030a5  NMI_Handler                    
000030a5  PCM_IRQHandler                 
000030a5  PORT1_IRQHandler               
000030a5  PORT2_IRQHandler               
000030a5  PORT3_IRQHandler               
000030a5  PORT4_IRQHandler               
000030a5  PORT5_IRQHandler               
000030a5  PORT6_IRQHandler               
000030a5  PSS_IRQHandler                 
000030a5  PendSV_Handler                 
00000d95  PulseEnablePin                 
00000c1d  RTC_C_IRQHandler               
00000c1d  RTC_C_IRQHandler               
200007bf  RTC_alarm                      
200005f0  RTC_flag                       
00003099  Reset_Handler                  
000030a5  SVC_Handler                    
000030a5  SysTick_Handler                
00000dc9  SysTick_Init                   
200005ec  SystemCoreClock                
00000ea5  SystemCoreClockUpdate          
0000111d  SystemInit                     
000030a5  T32_INT1_IRQHandler            
000030a5  T32_INT2_IRQHandler            
000030a5  T32_INTC_IRQHandler            
000030a5  TA0_0_IRQHandler               
000030a5  TA0_N_IRQHandler               
000030a5  TA1_0_IRQHandler               
000030a5  TA1_N_IRQHandler               
000030a5  TA2_0_IRQHandler               
000030a5  TA2_N_IRQHandler               
000030a5  TA3_0_IRQHandler               
000030a5  TA3_N_IRQHandler               
000030a5  UsageFault_Handler             
4000480c  WDTCTL_SYM                     
000030a5  WDT_A_IRQHandler               
200005f4  __CIOBUF_                      
20010000  __STACK_END                    
00000200  __STACK_SIZE                   
00000400  __SYSMEM_SIZE                  
00003250  __TI_CINIT_Base                
00003260  __TI_CINIT_Limit               
0000323c  __TI_Handler_Table_Base        
00003248  __TI_Handler_Table_Limit       
00002c71  __TI_auto_init_nobinit_nopinit 
00002e55  __TI_cleanup                   
200005c8  __TI_cleanup_ptr               
000024a9  __TI_closefile                 
0000265d  __TI_decompress_lzss           
0000308b  __TI_decompress_none           
00002ac1  __TI_doflush                   
200005cc  __TI_dtors_ptr                 
200005d0  __TI_enable_exit_profile_output
200005b8  __TI_ft_end                    
ffffffff  __TI_pprof_out_hndl            
000000e5  __TI_printfi                   
ffffffff  __TI_prof_data_size            
ffffffff  __TI_prof_data_start           
00002e89  __TI_readmsg                   
00000000  __TI_static_base__             
20000714  __TI_tmpnams                   
00002d75  __TI_writemsg                  
000027f5  __TI_wrt_ok                    
00003067  __TI_zero_init_nomemset        
000022a9  __aeabi_cdcmpeq                
000022a9  __aeabi_cdcmple                
0000232f  __aeabi_cdrcmple               
00002ba1  __aeabi_d2iz                   
00001623  __aeabi_dadd                   
0000190d  __aeabi_ddiv                   
00001d89  __aeabi_dmul                   
00001619  __aeabi_dsub                   
000030a9  __aeabi_errno_addr             
00002eed  __aeabi_i2d                    
000017cf  __aeabi_idiv0                  
000017cf  __aeabi_ldiv0                  
000023b5  __aeabi_memclr                 
000023b5  __aeabi_memclr4                
000023b5  __aeabi_memclr8                
000020eb  __aeabi_memcpy                 
000020eb  __aeabi_memcpy4                
000020eb  __aeabi_memcpy8                
000023b7  __aeabi_memset                 
000023b7  __aeabi_memset4                
000023b7  __aeabi_memset8                
200005c4  __aeabi_stderr                 
200005bc  __aeabi_stdin                  
200005c0  __aeabi_stdout                 
00002187  __aeabi_uldivmod               
ffffffff  __binit__                      
ffffffff  __c_args__                     
UNDEFED   __mpu_init                     
2000fe00  __stack                        
00002dad  _c_int00_noargs                
000030c0  _ctypes_                       
200004f0  _device                        
20000400  _ftable                        
200005e0  _lock                          
00000b43  _nop                           
20000568  _stream                        
20000000  _sys_memory                    
UNDEFED   _system_post_cinit             
000030b9  _system_pre_init               
200005e4  _unlock                        
000030bd  abort                          
00002b0d  atoi                           
ffffffff  binit                          
000028b9  close                          
00000d01  commandWrite                   
00000bbb  configRTC                      
0000302b  copysign                       
0000302b  copysignl                      
00000d1b  dataWrite                      
00000de5  delay_micro                    
00000e09  delay_milli                    
200005e8  errno                          
00002b59  exit                           
00002ebd  finddevice                     
0000221d  fputc                          
00001b65  fputs                          
00001f61  free                           
0000272d  frexp                          
0000272d  frexpl                         
00002791  fseek                          
00002cb5  getdevice                      
00000000  interruptVectors               
00001c79  ldexp                          
00001c79  ldexpl                         
00002f49  lseek                          
00002a1b  ltoa                           
00000b71  main                           
00002431  malloc                         
00002fe1  memccpy                        
00002fc1  memchr                         
000020eb  memcpy                         
000023bd  memset                         
00002de5  minit                          
200007bc  now                            
200007b4  parmbuf                        
00000c07  printRTC                       
000026c5  printf                         
00000d35  pushByte                       
00000d6d  pushNibble                     
0000221d  putc                           
00002f1d  remove                         
00001c79  scalbn                         
00001c79  scalbnl                        
00001e85  setvbuf                        
00003015  strchr                         
00002ffd  strcmp                         
0000303f  strcpy                         
00003053  strlen                         
00002e1d  strncpy                        
00002f1d  unlink                         
00003079  wcslen                         
00002f99  write                          


GLOBAL SYMBOLS: SORTED BY Symbol Address 

address   name                           
-------   ----                           
00000000  __TI_static_base__             
00000000  interruptVectors               
000000e5  __TI_printfi                   
00000200  __STACK_SIZE                   
00000400  __SYSMEM_SIZE                  
00000b43  _nop                           
00000b71  main                           
00000bbb  configRTC                      
00000c07  printRTC                       
00000c1d  RTC_C_IRQHandler               
00000c1d  RTC_C_IRQHandler               
00000c71  LCD_pins_init                  
00000c91  LCD_init                       
00000d01  commandWrite                   
00000d1b  dataWrite                      
00000d35  pushByte                       
00000d6d  pushNibble                     
00000d95  PulseEnablePin                 
00000dc9  SysTick_Init                   
00000de5  delay_micro                    
00000e09  delay_milli                    
00000ea5  SystemCoreClockUpdate          
0000111d  SystemInit                     
00001619  __aeabi_dsub                   
00001623  __aeabi_dadd                   
000017cf  __aeabi_idiv0                  
000017cf  __aeabi_ldiv0                  
0000190d  __aeabi_ddiv                   
00001b65  fputs                          
00001c79  ldexp                          
00001c79  ldexpl                         
00001c79  scalbn                         
00001c79  scalbnl                        
00001d89  __aeabi_dmul                   
00001e85  setvbuf                        
00001f61  free                           
000020eb  __aeabi_memcpy                 
000020eb  __aeabi_memcpy4                
000020eb  __aeabi_memcpy8                
000020eb  memcpy                         
00002187  __aeabi_uldivmod               
0000221d  fputc                          
0000221d  putc                           
000022a9  __aeabi_cdcmpeq                
000022a9  __aeabi_cdcmple                
0000232f  __aeabi_cdrcmple               
000023b5  __aeabi_memclr                 
000023b5  __aeabi_memclr4                
000023b5  __aeabi_memclr8                
000023b7  __aeabi_memset                 
000023b7  __aeabi_memset4                
000023b7  __aeabi_memset8                
000023bd  memset                         
00002431  malloc                         
000024a9  __TI_closefile                 
0000258d  HOSTlseek                      
000025f5  HOSTrename                     
0000265d  __TI_decompress_lzss           
000026c5  printf                         
0000272d  frexp                          
0000272d  frexpl                         
00002791  fseek                          
000027f5  __TI_wrt_ok                    
00002859  HOSTopen                       
000028b9  close                          
00002915  HOSTread                       
0000296d  HOSTwrite                      
00002a1b  ltoa                           
00002ac1  __TI_doflush                   
00002b0d  atoi                           
00002b59  exit                           
00002ba1  __aeabi_d2iz                   
00002be9  HOSTclose                      
00002c2d  HOSTunlink                     
00002c71  __TI_auto_init_nobinit_nopinit 
00002cb5  getdevice                      
00002d75  __TI_writemsg                  
00002da3  C$$IO$$                        
00002dad  _c_int00_noargs                
00002de5  minit                          
00002e1d  strncpy                        
00002e55  __TI_cleanup                   
00002e89  __TI_readmsg                   
00002ebd  finddevice                     
00002eed  __aeabi_i2d                    
00002f1d  remove                         
00002f1d  unlink                         
00002f49  lseek                          
00002f99  write                          
00002fc1  memchr                         
00002fe1  memccpy                        
00002ffd  strcmp                         
00003015  strchr                         
0000302b  copysign                       
0000302b  copysignl                      
0000303f  strcpy                         
00003053  strlen                         
00003067  __TI_zero_init_nomemset        
00003079  wcslen                         
0000308b  __TI_decompress_none           
00003099  Reset_Handler                  
000030a5  ADC14_IRQHandler               
000030a5  AES256_IRQHandler              
000030a5  BusFault_Handler               
000030a5  COMP_E0_IRQHandler             
000030a5  COMP_E1_IRQHandler             
000030a5  CS_IRQHandler                  
000030a5  DMA_ERR_IRQHandler             
000030a5  DMA_INT0_IRQHandler            
000030a5  DMA_INT1_IRQHandler            
000030a5  DMA_INT2_IRQHandler            
000030a5  DMA_INT3_IRQHandler            
000030a5  DebugMon_Handler               
000030a5  Default_Handler                
000030a5  EUSCIA0_IRQHandler             
000030a5  EUSCIA1_IRQHandler             
000030a5  EUSCIA2_IRQHandler             
000030a5  EUSCIA3_IRQHandler             
000030a5  EUSCIB0_IRQHandler             
000030a5  EUSCIB1_IRQHandler             
000030a5  EUSCIB2_IRQHandler             
000030a5  EUSCIB3_IRQHandler             
000030a5  FLCTL_IRQHandler               
000030a5  FPU_IRQHandler                 
000030a5  HardFault_Handler              
000030a5  MemManage_Handler              
000030a5  NMI_Handler                    
000030a5  PCM_IRQHandler                 
000030a5  PORT1_IRQHandler               
000030a5  PORT2_IRQHandler               
000030a5  PORT3_IRQHandler               
000030a5  PORT4_IRQHandler               
000030a5  PORT5_IRQHandler               
000030a5  PORT6_IRQHandler               
000030a5  PSS_IRQHandler                 
000030a5  PendSV_Handler                 
000030a5  SVC_Handler                    
000030a5  SysTick_Handler                
000030a5  T32_INT1_IRQHandler            
000030a5  T32_INT2_IRQHandler            
000030a5  T32_INTC_IRQHandler            
000030a5  TA0_0_IRQHandler               
000030a5  TA0_N_IRQHandler               
000030a5  TA1_0_IRQHandler               
000030a5  TA1_N_IRQHandler               
000030a5  TA2_0_IRQHandler               
000030a5  TA2_N_IRQHandler               
000030a5  TA3_0_IRQHandler               
000030a5  TA3_N_IRQHandler               
000030a5  UsageFault_Handler             
000030a5  WDT_A_IRQHandler               
000030a9  __aeabi_errno_addr             
000030b9  _system_pre_init               
000030bd  C$$EXIT                        
000030bd  abort                          
000030c0  _ctypes_                       
0000323c  __TI_Handler_Table_Base        
00003248  __TI_Handler_Table_Limit       
00003250  __TI_CINIT_Base                
00003260  __TI_CINIT_Limit               
20000000  _sys_memory                    
20000400  _ftable                        
200004f0  _device                        
20000568  _stream                        
200005b8  __TI_ft_end                    
200005bc  __aeabi_stdin                  
200005c0  __aeabi_stdout                 
200005c4  __aeabi_stderr                 
200005c8  __TI_cleanup_ptr               
200005cc  __TI_dtors_ptr                 
200005d0  __TI_enable_exit_profile_output
200005e0  _lock                          
200005e4  _unlock                        
200005e8  errno                          
200005ec  SystemCoreClock                
200005f0  RTC_flag                       
200005f4  __CIOBUF_                      
20000714  __TI_tmpnams                   
200007b4  parmbuf                        
200007bc  now                            
200007bf  RTC_alarm                      
2000fe00  __stack                        
20010000  __STACK_END                    
4000480c  WDTCTL_SYM                     
ffffffff  __TI_pprof_out_hndl            
ffffffff  __TI_prof_data_size            
ffffffff  __TI_prof_data_start           
ffffffff  __binit__                      
ffffffff  __c_args__                     
ffffffff  binit                          
UNDEFED   __mpu_init                     
UNDEFED   _system_post_cinit             

[192 symbols]
